<html>
<body>
<pre>
<h1>µVision Build Log</h1>
<h2>Tool Versions:</h2>
IDE-Version: ¦ÌVision V5.38.0.0
Copyright (C) 2022 ARM Ltd and ARM Germany GmbH. All rights reserved.
License Information: 1 1, 1, LIC=UB4EI-TI63K-24WSS-LD52P-GU9X5-DV4TT
 
Tool Versions:
Toolchain:       MDK-ARM Professional  Version: 5.38.0.0
Toolchain Path:  C:\Keil_v5\ARM\ARMCLANG\Bin
C Compiler:      ArmClang.exe V6.19
Assembler:       Armasm.exe V6.19
Linker/Locator:  ArmLink.exe V6.19
Library Manager: ArmAr.exe V6.19
Hex Converter:   FromElf.exe V6.19
CPU DLL:         
Dialog DLL:      
Target DLL:      CMSIS_AGDI_V8M.DLL V1.7.20.0
Dialog DLL:      TCM.DLL V1.56.4.0
 
<h2>Project:</h2>
D:\Desktop\×îÖÕ°æÈí¼þ\E08_mcx_vision_object_detection_demo£¨old£©\project\mdk\mcx_vision_board.uvprojx
Project File Date:  06/30/2024

<h2>Output:</h2>
*** Using Compiler 'V6.19', folder: 'C:\Keil_v5\ARM\ARMCLANG\Bin'
*** Note: Rebuilding project, since 'Options->Output->Create Batch File' is selected.
Rebuild target 'mcx_vision_board'
compiling main.cpp...
compiling zf_model_process.cpp...
compiling board.c...
compiling clock_config.c...
compiling zf_board_init.c...
compiling sdmmc_config.c...
compiling zf_common_font.c...
compiling zf_driver_uart.c...
compiling zf_driver_delay.c...
compiling zf_driver_gpio.c...
compiling zf_driver_soft_iic.c...
compiling zf_driver_sd.c...
compiling zf_device_scc8660.c...
compiling zf_device_ips200.c...
compiling fsl_adapter_gpio.c...
compiling fsl_adapter_lpspi.c...
compiling fsl_adapter_lpuart.c...
compiling fsl_assert.c...
compiling fsl_clock.c...
compiling fsl_common.c...
compiling fsl_common_arm.c...
compiling fsl_component_generic_list.c...
compiling fsl_ctimer.c...
compiling fsl_debug_console.c...
compiling fsl_edma.c...
compiling fsl_edma_soc.c...
compiling fsl_flexio.c...
compiling fsl_gpio.c...
compiling fsl_inputmux.c...
compiling fsl_lpflexcomm.c...
compiling fsl_lpi2c.c...
compiling fsl_lpspi.c...
compiling fsl_lpspi_edma.c...
compiling fsl_lptmr.c...
compiling fsl_lpuart.c...
compiling fsl_lpuart_edma.c...
compiling fsl_reset.c...
compiling fsl_smartdma.c...
compiling fsl_smartdma_mcxn.c...
compiling fsl_smartdma_rt500.c...
compiling fsl_spc.c...
compiling fsl_str.c...
compiling fsl_usdhc.c...
assembling startup_MCXN947_cm33_core0.S...
compiling system_MCXN947_cm33_core0.c...
compiling get_top_n.cpp...
compiling image_decode_raw.c...
compiling image_load.c...
compiling model.cpp...
assembling model_data.s...
compiling model_ops_npu.cpp...
compiling output_postproc.cpp...
compiling yolo_post_processing.cpp...
compiling neutron.cpp...
compiling fsl_sdmmc_host.c...
compiling fsl_os_abstraction_bm.c...
compiling fsl_sdmmc_osa.c...
compiling fsl_sd.c...
compiling fsl_sdmmc_common.c...
linking...
Program Size: Code=150924 RO-data=266672 RW-data=216176 ZI-data=209196  
FromELF: creating hex file...
".\Objects\mcx_vision_board.axf" - 0 Error(s), 0 Warning(s).

<h2>Software Packages used:</h2>

Package Vendor: NXP
                https://mcuxpresso.nxp.com/cmsis_pack/repo/NXP.MCXN947_DFP.17.0.0.pack
                NXP.MCXN947_DFP.17.0.0
                Device Family Pack for MCXN947

<h2>Collection of Component include folders:</h2>
  C:/Users/86152/AppData/Local/Arm/Packs/NXP/MCXN947_DFP/17.0.0/devices/MCXN947

<h2>Collection of Component Files used:</h2>
Build Time Elapsed:  00:00:56
</pre>
</body>
</html>
